
> marvel-marathon@1.0.0 build
> postcss public/style.css -o public/output.css && vite build

[baseline-browser-mapping] The data in this module is over two months old.  To ensure accurate Baseline data, please update: `npm i baseline-browser-mapping@latest -D`
You are using Node.js 21.7.2. Vite requires Node.js version 20.19+ or 22.12+. Please upgrade your Node.js version.
failed to load config from /Users/juainnylopezramos/Documents/Antigravity/watch/watchlist/vite.config.mjs
error during build:
Error: 
You installed esbuild for another platform than the one you're currently using.
This won't work because esbuild is written with native code and needs to
install a platform-specific binary executable.

Specifically the "@esbuild/darwin-arm64" package is present but this platform
needs the "@esbuild/darwin-arm64" package instead. People often get into this
situation by installing esbuild on Windows or macOS and copying "node_modules"
into a Docker image that runs Linux, or by copying "node_modules" between
Windows and WSL environments.

If you are installing with npm, you can try not copying the "node_modules"
directory when you copy the files over, and running "npm ci" or "npm install"
on the destination platform after the copy. Or you could consider using yarn
instead of npm which has built-in support for installing a package on multiple
platforms simultaneously.

If you are installing with yarn, you can try listing both this platform and the
other platform in your ".yarnrc.yml" file using the "supportedArchitectures"
feature: https://yarnpkg.com/configuration/yarnrc/#supportedArchitectures
Keep in mind that this means multiple copies of esbuild will be present.

Another alternative is to use the "esbuild-wasm" package instead, which works
the same way on all platforms. But it comes with a heavy performance cost and
can sometimes be 10x slower than the "esbuild" package, so you may also not
want to do that.

    at generateBinPath (/Users/juainnylopezramos/Documents/Antigravity/watch/watchlist/node_modules/esbuild/lib/main.js:1739:17)
    at esbuildCommandAndArgs (/Users/juainnylopezramos/Documents/Antigravity/watch/watchlist/node_modules/esbuild/lib/main.js:1820:33)
    at ensureServiceIsRunning (/Users/juainnylopezramos/Documents/Antigravity/watch/watchlist/node_modules/esbuild/lib/main.js:1977:25)
    at build (/Users/juainnylopezramos/Documents/Antigravity/watch/watchlist/node_modules/esbuild/lib/main.js:1876:26)
    at bundleConfigFile (file:///Users/juainnylopezramos/Documents/Antigravity/watch/watchlist/node_modules/vite/dist/node/chunks/config.js:36455:23)
    at bundleAndLoadConfigFile (file:///Users/juainnylopezramos/Documents/Antigravity/watch/watchlist/node_modules/vite/dist/node/chunks/config.js:36442:24)
    at loadConfigFromFile (file:///Users/juainnylopezramos/Documents/Antigravity/watch/watchlist/node_modules/vite/dist/node/chunks/config.js:36411:179)
    at resolveConfig (file:///Users/juainnylopezramos/Documents/Antigravity/watch/watchlist/node_modules/vite/dist/node/chunks/config.js:36060:28)
    at resolveConfigToBuild (file:///Users/juainnylopezramos/Documents/Antigravity/watch/watchlist/node_modules/vite/dist/node/chunks/config.js:34091:9)
    at createBuilder (file:///Users/juainnylopezramos/Documents/Antigravity/watch/watchlist/node_modules/vite/dist/node/chunks/config.js:34523:25)
